\BOOKMARK [1][-]{section.0.1}{\376\377\000I\000n\000t\000r\000o\000d\000u\000c\000t\000i\000o\000n}{}% 1
\BOOKMARK [2][-]{subsection.0.1.1}{\376\377\000T\000h\000e\000\040\000C\000a\000n\000F\000e\000s\000t\000i\000v\000a\000l\000\040\000p\000r\000o\000j\000e\000c\000t}{section.0.1}% 2
\BOOKMARK [2][-]{subsection.0.1.2}{\376\377\000W\000h\000a\000t\000\040\000i\000s\000\040\000C\000A\000N\000o\000p\000e\000n\000\040}{section.0.1}% 3
\BOOKMARK [1][-]{section.0.2}{\376\377\000C\000a\000n\000F\000e\000s\000t\000i\000v\000a\000l\000\040\000F\000e\000a\000t\000u\000r\000e\000s}{}% 4
\BOOKMARK [2][-]{subsection.0.2.1}{\376\377\000T\000o\000o\000l\000s\000\040}{section.0.2}% 5
\BOOKMARK [2][-]{subsection.0.2.2}{\376\377\000M\000u\000l\000t\000i\000-\000P\000l\000a\000t\000f\000o\000r\000m}{section.0.2}% 6
\BOOKMARK [2][-]{subsection.0.2.3}{\376\377\000C\000A\000N\000o\000p\000e\000n\000\040\000s\000t\000a\000n\000d\000a\000r\000d\000\040\000c\000o\000n\000f\000o\000r\000m\000a\000n\000c\000e}{section.0.2}% 7
\BOOKMARK [1][-]{section.0.3}{\376\377\000H\000o\000w\000\040\000t\000o\000\040\000s\000t\000a\000r\000t}{}% 8
\BOOKMARK [2][-]{subsection.0.3.1}{\376\377\000H\000o\000s\000t\000\040\000r\000e\000q\000u\000i\000r\000e\000m\000e\000n\000t\000s}{section.0.3}% 9
\BOOKMARK [1][-]{section.0.4}{\376\377\000U\000n\000d\000e\000r\000s\000t\000a\000n\000d\000i\000n\000g\000\040\000C\000a\000n\000f\000e\000s\000t\000i\000v\000a\000l}{}% 10
\BOOKMARK [2][-]{subsection.0.4.1}{\376\377\000C\000a\000n\000F\000e\000s\000t\000i\000v\000a\000l\000\040\000P\000r\000o\000j\000e\000c\000t\000\040\000t\000r\000e\000e\000\040\000l\000a\000y\000o\000u\000t}{section.0.4}% 11
\BOOKMARK [2][-]{subsection.0.4.2}{\376\377\000I\000m\000p\000l\000e\000m\000e\000n\000t\000\040\000C\000a\000n\000F\000e\000s\000t\000i\000v\000a\000l\000\040\000i\000n\000\040\000y\000o\000u\000r\000\040\000a\000p\000p\000l\000i\000c\000a\000t\000i\000o\000n}{section.0.4}% 12
\BOOKMARK [2][-]{subsection.0.4.3}{\376\377\000C\000a\000n\000F\000e\000s\000t\000i\000v\000a\000l\000\040\000C\000A\000N\000\040\000i\000n\000t\000e\000r\000f\000a\000c\000e\000s}{section.0.4}% 13
\BOOKMARK [2][-]{subsection.0.4.4}{\376\377\000C\000a\000n\000F\000e\000s\000t\000i\000v\000a\000l\000\040\000e\000v\000e\000n\000t\000\040\000s\000c\000h\000e\000d\000u\000l\000i\000n\000g}{section.0.4}% 14
\BOOKMARK [1][-]{section.0.5}{\376\377\000L\000i\000n\000u\000x\000\040\000T\000a\000r\000g\000e\000t}{}% 15
\BOOKMARK [2][-]{subsection.0.5.1}{\376\377\000L\000i\000n\000u\000x\000\040\000C\000o\000m\000p\000i\000l\000a\000t\000i\000o\000n\000\040\000a\000n\000d\000\040\000i\000n\000s\000t\000a\000l\000l\000a\000t\000i\000o\000n}{section.0.5}% 16
\BOOKMARK [2][-]{subsection.0.5.2}{\376\377\000T\000e\000s\000t\000i\000n\000g\000\040\000y\000o\000u\000r\000\040\000C\000a\000n\000F\000e\000s\000t\000i\000v\000a\000l\000\040\000i\000n\000s\000t\000a\000l\000l\000a\000t\000i\000o\000n}{section.0.5}% 17
\BOOKMARK [1][-]{section.0.6}{\376\377\000W\000i\000n\000d\000o\000w\000s\000\040\000T\000a\000r\000g\000e\000t\000s}{}% 18
\BOOKMARK [2][-]{subsection.0.6.1}{\376\377\000O\000b\000j\000e\000c\000t\000\040\000D\000i\000c\000t\000i\000o\000n\000a\000r\000y\000\040\000E\000d\000i\000t\000o\000r\000\040\000G\000U\000I\000\040\000i\000n\000s\000t\000a\000l\000l\000a\000t\000i\000o\000n\000.}{section.0.6}% 19
\BOOKMARK [2][-]{subsection.0.6.2}{\376\377\000C\000Y\000G\000W\000I\000N}{section.0.6}% 20
\BOOKMARK [2][-]{subsection.0.6.3}{\376\377\000V\000i\000s\000u\000a\000l\000\040\000S\000t\000u\000d\000i\000o\000\040\000C\000+\000+}{section.0.6}% 21
\BOOKMARK [2][-]{subsection.0.6.4}{\376\377\000M\000S\000Y\000S}{section.0.6}% 22
\BOOKMARK [1][-]{section.0.7}{\376\377\000E\000x\000a\000m\000p\000l\000e\000\040\000a\000n\000d\000\040\000t\000e\000s\000t\000\040\000p\000r\000o\000g\000r\000a\000m\000:}{}% 23
\BOOKMARK [2][-]{subsection.0.7.1}{\376\377\000C\000A\000N\000O\000p\000e\000n\000S\000h\000e\000l\000l}{section.0.7}% 24
\BOOKMARK [2][-]{subsection.0.7.2}{\376\377\000T\000e\000s\000t\000M\000a\000s\000t\000e\000r\000S\000l\000a\000v\000e}{section.0.7}% 25
\BOOKMARK [2][-]{subsection.0.7.3}{\376\377\000k\000e\000r\000n\000e\000l\000t\000e\000s\000t\000\040\000:}{section.0.7}% 26
\BOOKMARK [2][-]{subsection.0.7.4}{\376\377\000T\000e\000s\000t\000M\000a\000s\000t\000e\000r\000M\000i\000c\000r\000o\000M\000o\000d\000\040}{section.0.7}% 27
\BOOKMARK [2][-]{subsection.0.7.5}{\376\377\000T\000e\000s\000t\000M\000a\000s\000t\000e\000r\000S\000l\000a\000v\000e\000L\000S\000S}{section.0.7}% 28
\BOOKMARK [2][-]{subsection.0.7.6}{\376\377\000F\000a\000s\000t\000S\000c\000a\000n}{section.0.7}% 29
\BOOKMARK [1][-]{section.0.8}{\376\377\000D\000e\000v\000e\000l\000o\000p\000i\000n\000g\000\040\000a\000\040\000n\000e\000w\000\040\000n\000o\000d\000e}{}% 30
\BOOKMARK [2][-]{subsection.0.8.1}{\376\377\000U\000s\000i\000n\000g\000\040\000D\000i\000c\000t\000i\000o\000n\000a\000r\000y\000\040\000E\000d\000i\000t\000o\000r\000\040\000G\000U\000I}{section.0.8}% 31
\BOOKMARK [2][-]{subsection.0.8.2}{\376\377\000G\000e\000n\000e\000r\000a\000t\000i\000n\000g\000\040\000t\000h\000e\000\040\000o\000b\000j\000e\000c\000t\000\040\000D\000i\000c\000t\000i\000o\000n\000a\000r\000y}{section.0.8}% 32
\BOOKMARK [1][-]{section.0.9}{\376\377\000F\000A\000Q}{}% 33
\BOOKMARK [2][-]{subsection.0.9.1}{\376\377\000G\000e\000n\000e\000r\000a\000l}{section.0.9}% 34
\BOOKMARK [2][-]{subsection.0.9.2}{\376\377\000L\000I\000N\000U\000X}{section.0.9}% 35
\BOOKMARK [2][-]{subsection.0.9.3}{\376\377\000W\000i\000n\0003\0002}{section.0.9}% 36
\BOOKMARK [1][-]{section.0.10}{\376\377\000D\000o\000c\000u\000m\000e\000n\000t\000a\000t\000i\000o\000n\000\040\000r\000e\000s\000o\000u\000r\000c\000e\000s}{}% 37
\BOOKMARK [2][-]{subsection.0.10.1}{\376\377\000C\000I\000A\000\040\000:\000\040\000C\000a\000n\000\040\000i\000n\000\040\000A\000u\000t\000o\000m\000a\000t\000i\000o\000n\000\040}{section.0.10}% 38
\BOOKMARK [2][-]{subsection.0.10.2}{\376\377\000R\000e\000s\000o\000u\000r\000c\000e\000s\000\040\000a\000n\000d\000\040\000t\000r\000a\000i\000n\000i\000n\000g\000\040\000i\000n\000\040\000C\000A\000N\000o\000p\000e\000n\000\040}{section.0.10}% 39
\BOOKMARK [2][-]{subsection.0.10.3}{\376\377\000P\000y\000t\000h\000o\000n\000\040\000l\000a\000n\000g\000u\000a\000g\000e\000\040}{section.0.10}% 40
\BOOKMARK [1][-]{section.0.11}{\376\377\000A\000b\000o\000u\000t\000\040\000t\000h\000e\000\040\000p\000r\000o\000j\000e\000c\000t}{}% 41
\BOOKMARK [2][-]{subsection.0.11.1}{\376\377\000C\000o\000n\000t\000r\000i\000b\000u\000t\000o\000r\000s\000\040}{section.0.11}% 42
\BOOKMARK [2][-]{subsection.0.11.2}{\376\377\000G\000e\000t\000t\000i\000n\000g\000\040\000s\000u\000p\000p\000o\000r\000t}{section.0.11}% 43
\BOOKMARK [2][-]{subsection.0.11.3}{\376\377\000C\000o\000n\000t\000r\000i\000b\000u\000t\000i\000n\000g}{section.0.11}% 44
\BOOKMARK [2][-]{subsection.0.11.4}{\376\377\000L\000i\000c\000e\000n\000s\000e}{section.0.11}% 45
