This is pdfTeX, Version 3.141592653-2.6-1.40.25 (TeX Live 2023/Debian) (preloaded format=pdflatex 2026.4.18)  18 APR 2026 12:07
entering extended mode
 restricted \write18 enabled.
 %&-line parsing enabled.
**manual.tex
(./manual.tex
LaTeX2e <2023-11-01> patch level 1
L3 programming layer <2024-01-22>
(/usr/share/texlive/texmf-dist/tex/latex/base/book.cls
Document Class: book 2023/05/17 v1.4n Standard LaTeX document class
(/usr/share/texlive/texmf-dist/tex/latex/base/bk12.clo
File: bk12.clo 2023/05/17 v1.4n Standard LaTeX file (size option)
)
\c@part=\count187
\c@chapter=\count188
\c@section=\count189
\c@subsection=\count190
\c@subsubsection=\count191
\c@paragraph=\count192
\c@subparagraph=\count193
\c@figure=\count194
\c@table=\count195
\abovecaptionskip=\skip48
\belowcaptionskip=\skip49
\bibindent=\dimen140
)
(/usr/share/texlive/texmf-dist/tex/latex/base/fontenc.sty
Package: fontenc 2021/04/29 v2.0v Standard LaTeX package
)
(/usr/share/texlive/texmf-dist/tex/latex/base/inputenc.sty
Package: inputenc 2021/02/14 v1.3d Input encoding file
\inpenc@prehook=\toks17
\inpenc@posthook=\toks18

(/usr/share/texlive/texmf-dist/tex/latex/base/latin9.def
File: latin9.def 2021/02/14 v1.3d Input encoding file
))
(/usr/share/texlive/texmf-dist/tex/latex/graphics/graphicx.sty
Package: graphicx 2021/09/16 v1.2d Enhanced LaTeX Graphics (DPC,SPQR)

(/usr/share/texlive/texmf-dist/tex/latex/graphics/keyval.sty
Package: keyval 2022/05/29 v1.15 key=value parser (DPC)
\KV@toks@=\toks19
)
(/usr/share/texlive/texmf-dist/tex/latex/graphics/graphics.sty
Package: graphics 2022/03/10 v1.4e Standard LaTeX Graphics (DPC,SPQR)

(/usr/share/texlive/texmf-dist/tex/latex/graphics/trig.sty
Package: trig 2021/08/11 v1.11 sin cos tan (DPC)
)
(/usr/share/texlive/texmf-dist/tex/latex/graphics-cfg/graphics.cfg
File: graphics.cfg 2016/06/04 v1.11 sample graphics configuration
)
Package graphics Info: Driver file: pdftex.def on input line 107.

(/usr/share/texlive/texmf-dist/tex/latex/graphics-def/pdftex.def
File: pdftex.def 2022/09/22 v1.2b Graphics/color driver for pdftex
))
\Gin@req@height=\dimen141
\Gin@req@width=\dimen142
)
(/usr/share/texlive/texmf-dist/tex/latex/amsfonts/amsfonts.sty
Package: amsfonts 2013/01/14 v3.01 Basic AMSFonts support
\@emptytoks=\toks20
\symAMSa=\mathgroup4
\symAMSb=\mathgroup5
LaTeX Font Info:    Redeclaring math symbol \hbar on input line 98.
LaTeX Font Info:    Overwriting math alphabet `\mathfrak' in version `bold'
(Font)                  U/euf/m/n --> U/euf/b/n on input line 106.
)
(/usr/share/texlive/texmf-dist/tex/latex/base/textcomp.sty
Package: textcomp 2020/02/02 v2.0n Standard LaTeX package
)
(/usr/share/texlive/texmf-dist/tex/latex/graphics/color.sty
Package: color 2022/01/06 v1.3d Standard LaTeX Color (DPC)

(/usr/share/texlive/texmf-dist/tex/latex/graphics-cfg/color.cfg
File: color.cfg 2016/01/02 v1.6 sample color configuration
)
Package color Info: Driver file: pdftex.def on input line 149.

(/usr/share/texlive/texmf-dist/tex/latex/graphics/mathcolor.ltx))
(/usr/share/texlive/texmf-dist/tex/latex/tools/calc.sty
Package: calc 2023/07/08 v4.3 Infix arithmetic (KKT,FJ)
\calc@Acount=\count196
\calc@Bcount=\count197
\calc@Adimen=\dimen143
\calc@Bdimen=\dimen144
\calc@Askip=\skip50
\calc@Bskip=\skip51
LaTeX Info: Redefining \setlength on input line 80.
LaTeX Info: Redefining \addtolength on input line 81.
\calc@Ccount=\count198
\calc@Cskip=\skip52
)
(/usr/share/texlive/texmf-dist/tex/latex/tools/longtable.sty
Package: longtable 2023-11-01 v4.19 Multi-page Table package (DPC)
\LTleft=\skip53
\LTright=\skip54
\LTpre=\skip55
\LTpost=\skip56
\LTchunksize=\count199
\LTcapwidth=\dimen145
\LT@head=\box51
\LT@firsthead=\box52
\LT@foot=\box53
\LT@lastfoot=\box54
\LT@gbox=\box55
\LT@cols=\count266
\LT@rows=\count267
\c@LT@tables=\count268
\c@LT@chunks=\count269
\LT@p@ftn=\toks21
)
(/usr/share/texlive/texmf-dist/tex/latex/hyperref/hyperref.sty
Package: hyperref 2024-01-20 v7.01h Hypertext links for LaTeX

(/usr/share/texlive/texmf-dist/tex/generic/iftex/iftex.sty
Package: iftex 2022/02/03 v1.0f TeX engine tests
)
(/usr/share/texlive/texmf-dist/tex/latex/kvsetkeys/kvsetkeys.sty
Package: kvsetkeys 2022-10-05 v1.19 Key value parser (HO)
)
(/usr/share/texlive/texmf-dist/tex/generic/kvdefinekeys/kvdefinekeys.sty
Package: kvdefinekeys 2019-12-19 v1.6 Define keys (HO)
)
(/usr/share/texlive/texmf-dist/tex/generic/pdfescape/pdfescape.sty
Package: pdfescape 2019/12/09 v1.15 Implements pdfTeX's escape features (HO)

(/usr/share/texlive/texmf-dist/tex/generic/ltxcmds/ltxcmds.sty
Package: ltxcmds 2023-12-04 v1.26 LaTeX kernel commands for general use (HO)
)
(/usr/share/texlive/texmf-dist/tex/generic/pdftexcmds/pdftexcmds.sty
Package: pdftexcmds 2020-06-27 v0.33 Utility functions of pdfTeX for LuaTeX (HO
)

(/usr/share/texlive/texmf-dist/tex/generic/infwarerr/infwarerr.sty
Package: infwarerr 2019/12/03 v1.5 Providing info/warning/error messages (HO)
)
Package pdftexcmds Info: \pdf@primitive is available.
Package pdftexcmds Info: \pdf@ifprimitive is available.
Package pdftexcmds Info: \pdfdraftmode found.
))
(/usr/share/texlive/texmf-dist/tex/latex/hycolor/hycolor.sty
Package: hycolor 2020-01-27 v1.10 Color options for hyperref/bookmark (HO)
)
(/usr/share/texlive/texmf-dist/tex/latex/auxhook/auxhook.sty
Package: auxhook 2019-12-17 v1.6 Hooks for auxiliary files (HO)
)
(/usr/share/texlive/texmf-dist/tex/latex/hyperref/nameref.sty
Package: nameref 2023-11-26 v2.56 Cross-referencing by name of section

(/usr/share/texlive/texmf-dist/tex/latex/refcount/refcount.sty
Package: refcount 2019/12/15 v3.6 Data extraction from label references (HO)
)
(/usr/share/texlive/texmf-dist/tex/generic/gettitlestring/gettitlestring.sty
Package: gettitlestring 2019/12/15 v1.6 Cleanup title references (HO)

(/usr/share/texlive/texmf-dist/tex/latex/kvoptions/kvoptions.sty
Package: kvoptions 2022-06-15 v3.15 Key value format for package options (HO)
))
\c@section@level=\count270
)
(/usr/share/texlive/texmf-dist/tex/latex/etoolbox/etoolbox.sty
Package: etoolbox 2020/10/05 v2.5k e-TeX tools for LaTeX (JAW)
\etb@tempcnta=\count271
)
\@linkdim=\dimen146
\Hy@linkcounter=\count272
\Hy@pagecounter=\count273

(/usr/share/texlive/texmf-dist/tex/latex/hyperref/pd1enc.def
File: pd1enc.def 2024-01-20 v7.01h Hyperref: PDFDocEncoding definition (HO)
Now handling font encoding PD1 ...
... no UTF-8 mapping file for font encoding PD1
)
(/usr/share/texlive/texmf-dist/tex/generic/intcalc/intcalc.sty
Package: intcalc 2019/12/15 v1.3 Expandable calculations with integers (HO)
)
\Hy@SavedSpaceFactor=\count274

(/usr/share/texlive/texmf-dist/tex/latex/hyperref/puenc.def
File: puenc.def 2024-01-20 v7.01h Hyperref: PDF Unicode definition (HO)
Now handling font encoding PU ...
... no UTF-8 mapping file for font encoding PU
)
Package hyperref Info: Hyper figures OFF on input line 4179.
Package hyperref Info: Link nesting OFF on input line 4184.
Package hyperref Info: Hyper index ON on input line 4187.
Package hyperref Info: Plain pages OFF on input line 4194.
Package hyperref Info: Backreferencing OFF on input line 4199.
Package hyperref Info: Implicit mode ON; LaTeX internals redefined.
Package hyperref Info: Bookmarks ON on input line 4446.
\c@Hy@tempcnt=\count275

(/usr/share/texlive/texmf-dist/tex/latex/url/url.sty
\Urlmuskip=\muskip16
Package: url 2013/09/16  ver 3.4  Verb mode for urls, etc.
)
LaTeX Info: Redefining \url on input line 4784.
\XeTeXLinkMargin=\dimen147

(/usr/share/texlive/texmf-dist/tex/generic/bitset/bitset.sty
Package: bitset 2019/12/09 v1.3 Handle bit-vector datatype (HO)

(/usr/share/texlive/texmf-dist/tex/generic/bigintcalc/bigintcalc.sty
Package: bigintcalc 2019/12/15 v1.5 Expandable calculations on big integers (HO
)
))
\Fld@menulength=\count276
\Field@Width=\dimen148
\Fld@charsize=\dimen149
Package hyperref Info: Hyper figures OFF on input line 6063.
Package hyperref Info: Link nesting OFF on input line 6068.
Package hyperref Info: Hyper index ON on input line 6071.
Package hyperref Info: backreferencing OFF on input line 6078.
Package hyperref Info: Link coloring OFF on input line 6083.
Package hyperref Info: Link coloring with OCG OFF on input line 6088.
Package hyperref Info: PDF/A mode OFF on input line 6093.

(/usr/share/texlive/texmf-dist/tex/latex/base/atbegshi-ltx.sty
Package: atbegshi-ltx 2021/01/10 v1.0c Emulation of the original atbegshi
package with kernel methods
)
\Hy@abspage=\count277
\c@Item=\count278
\c@Hfootnote=\count279
)
Package hyperref Info: Driver (autodetected): hpdftex.

(/usr/share/texlive/texmf-dist/tex/latex/hyperref/hpdftex.def
File: hpdftex.def 2024-01-20 v7.01h Hyperref driver for pdfTeX

(/usr/share/texlive/texmf-dist/tex/latex/base/atveryend-ltx.sty
Package: atveryend-ltx 2020/08/19 v1.0a Emulation of the original atveryend pac
kage
with kernel methods
)
\Fld@listcount=\count280
\c@bookmark@seq@number=\count281

(/usr/share/texlive/texmf-dist/tex/latex/rerunfilecheck/rerunfilecheck.sty
Package: rerunfilecheck 2022-07-10 v1.10 Rerun checks for auxiliary files (HO)

(/usr/share/texlive/texmf-dist/tex/generic/uniquecounter/uniquecounter.sty
Package: uniquecounter 2019/12/15 v1.4 Provide unlimited unique counter (HO)
)
Package uniquecounter Info: New unique counter `rerunfilecheck' on input line 2
85.
)
\Hy@SectionHShift=\skip57
)
Package hyperref Info: Option `colorlinks' set `true' on input line 14.


Package hyperref Warning: Option `pagecolor' is not available anymore.

(/usr/share/texlive/texmf-dist/tex/latex/l3backend/l3backend-pdftex.def
File: l3backend-pdftex.def 2024-01-04 L3 backend support: PDF output (pdfTeX)
\l__color_backend_stack_int=\count282
\l__pdf_internal_box=\box56
)
(./manual.aux)
\openout1 = `manual.aux'.

LaTeX Font Info:    Checking defaults for OML/cmm/m/it on input line 30.
LaTeX Font Info:    ... okay on input line 30.
LaTeX Font Info:    Checking defaults for OMS/cmsy/m/n on input line 30.
LaTeX Font Info:    ... okay on input line 30.
LaTeX Font Info:    Checking defaults for OT1/cmr/m/n on input line 30.
LaTeX Font Info:    ... okay on input line 30.
LaTeX Font Info:    Checking defaults for T1/cmr/m/n on input line 30.
LaTeX Font Info:    ... okay on input line 30.
LaTeX Font Info:    Checking defaults for TS1/cmr/m/n on input line 30.
LaTeX Font Info:    ... okay on input line 30.
LaTeX Font Info:    Checking defaults for OMX/cmex/m/n on input line 30.
LaTeX Font Info:    ... okay on input line 30.
LaTeX Font Info:    Checking defaults for U/cmr/m/n on input line 30.
LaTeX Font Info:    ... okay on input line 30.
LaTeX Font Info:    Checking defaults for PD1/pdf/m/n on input line 30.
LaTeX Font Info:    ... okay on input line 30.
LaTeX Font Info:    Checking defaults for PU/pdf/m/n on input line 30.
LaTeX Font Info:    ... okay on input line 30.

(/usr/share/texlive/texmf-dist/tex/context/base/mkii/supp-pdf.mkii
[Loading MPS to PDF converter (version 2006.09.02).]
\scratchcounter=\count283
\scratchdimen=\dimen150
\scratchbox=\box57
\nofMPsegments=\count284
\nofMParguments=\count285
\everyMPshowfont=\toks22
\MPscratchCnt=\count286
\MPscratchDim=\dimen151
\MPnumerator=\count287
\makeMPintoPDFobject=\count288
\everyMPtoPDFconversion=\toks23
) (/usr/share/texlive/texmf-dist/tex/latex/epstopdf-pkg/epstopdf-base.sty
Package: epstopdf-base 2020-01-24 v2.11 Base part for package epstopdf
Package epstopdf-base Info: Redefining graphics rule for `.eps' on input line 4
85.

(/usr/share/texlive/texmf-dist/tex/latex/latexconfig/epstopdf-sys.cfg
File: epstopdf-sys.cfg 2010/07/13 v1.3 Configuration of (r)epstopdf for TeX Liv
e
))
Package hyperref Info: Link coloring ON on input line 30.

(./manual.out) (./manual.out)
\@outlinefile=\write3
\openout3 = `manual.out'.

LaTeX Font Info:    Trying to load font information for T1+cmss on input line 3
1.

(/usr/share/texlive/texmf-dist/tex/latex/base/t1cmss.fd
File: t1cmss.fd 2023/04/13 v2.5m Standard LaTeX font definitions
) [1{/var/lib/texmf/fonts/map/pdftex/updmap/pdftex.map}

] [2

] (./manual.toc
LaTeX Font Info:    Trying to load font information for U+msa on input line 1.

(/usr/share/texlive/texmf-dist/tex/latex/amsfonts/umsa.fd
File: umsa.fd 2013/01/14 v3.01 AMS symbols A
)
LaTeX Font Info:    Trying to load font information for U+msb on input line 1.

(/usr/share/texlive/texmf-dist/tex/latex/amsfonts/umsb.fd
File: umsb.fd 2013/01/14 v3.01 AMS symbols B
) [3])
\tf@toc=\write4
\openout4 = `manual.toc'.

 [4] [5

]
[6]
Overfull \hbox (0.59206pt too wide) in paragraph at lines 146--147
[]\T1/cmr/m/n/12 Linux, FreeBSD, Cyg-win or any Unix en-vi-ron-ment with GNU to
olchain. 
 []

[7]
LaTeX Font Info:    Trying to load font information for T1+cmtt on input line 1
68.
 (/usr/share/texlive/texmf-dist/tex/latex/base/t1cmtt.fd
File: t1cmtt.fd 2023/04/13 v2.5m Standard LaTeX font definitions
)
Overfull \hbox (17.4505pt too wide) in paragraph at lines 193--193
[]\T1/cmtt/m/n/12 ./drivers/can_serial Serial point to point and PTY hub (*nix 
only)[] 
 []


Overfull \hbox (5.10352pt too wide) in paragraph at lines 193--193
[]\T1/cmtt/m/n/12 ./examples/TestMasterSlave 2 nodes, NMT SYNC SDO PDO, win32+u
nix[] 
 []


Overfull \hbox (48.31796pt too wide) in paragraph at lines 193--193
[]\T1/cmtt/m/n/12 ./examples/TestMasterSlaveLSS 3 nodes, NMT SYNC SDO PDO LSS, 
win32+unix[] 
 []


Overfull \hbox (23.624pt too wide) in paragraph at lines 193--193
[]\T1/cmtt/m/n/12 ./examples/TestMasterMicroMod 1 node, control Peak I/O Module
, unix[] 
 []

<Pictures/10000201000003F9000002CF880931E7.png, id=305, 844.81139pt x 597.26587
pt>
File: Pictures/10000201000003F9000002CF880931E7.png Graphic file (type png)
<use Pictures/10000201000003F9000002CF880931E7.png>
Package pdftex.def Info: Pictures/10000201000003F9000002CF880931E7.png  used on
 input line 200.
(pdftex.def)             Requested size: 341.43306pt x 241.3901pt.

Underfull \vbox (badness 10000) has occurred while \output is active []

 [8]
Underfull \hbox (badness 10000) in paragraph at lines 216--217

 []

<Pictures/10000201000003CA0000016604E6A5EF.png, id=312, 805.76897pt x 297.3869p
t>
File: Pictures/10000201000003CA0000016604E6A5EF.png Graphic file (type png)
<use Pictures/10000201000003CA0000016604E6A5EF.png>
Package pdftex.def Info: Pictures/10000201000003CA0000016604E6A5EF.png  used on
 input line 221.
(pdftex.def)             Requested size: 341.43306pt x 126.01338pt.

Underfull \hbox (badness 10000) in paragraph at lines 224--226

 []

[9 <./Pictures/10000201000003F9000002CF880931E7.png> <./Pictures/10000201000003
CA0000016604E6A5EF.png>]
<Pictures/10000201000003F9000002CF8B0CDAEA.png, id=321, 844.81139pt x 597.26587
pt>
File: Pictures/10000201000003F9000002CF8B0CDAEA.png Graphic file (type png)
<use Pictures/10000201000003F9000002CF8B0CDAEA.png>
Package pdftex.def Info: Pictures/10000201000003F9000002CF8B0CDAEA.png  used on
 input line 230.
(pdftex.def)             Requested size: 341.43306pt x 241.3901pt.
<Pictures/100000000000022C000000DEDAD2140C.png, id=322, 558.085pt x 222.8325pt>

File: Pictures/100000000000022C000000DEDAD2140C.png Graphic file (type png)
<use Pictures/100000000000022C000000DEDAD2140C.png>
Package pdftex.def Info: Pictures/100000000000022C000000DEDAD2140C.png  used on
 input line 251.
(pdftex.def)             Requested size: 341.43306pt x 136.33224pt.

Underfull \vbox (badness 10000) has occurred while \output is active []

 [10 <./Pictures/10000201000003F9000002CF8B0CDAEA.png>]
<Pictures/1000000000000396000000FFC42573DA.png, id=329, 921.4425pt x 255.95625p
t>
File: Pictures/1000000000000396000000FFC42573DA.png Graphic file (type png)
<use Pictures/1000000000000396000000FFC42573DA.png>
Package pdftex.def Info: Pictures/1000000000000396000000FFC42573DA.png  used on
 input line 267.
(pdftex.def)             Requested size: 341.43306pt x 94.83902pt.
 [11 <./Pictures/100000000000022C000000DEDAD2140C.png (PNG copy)> <./Pictures/1
000000000000396000000FFC42573DA.png (PNG copy)>] [12] [13]
Overfull \hbox (56.0551pt too wide) in paragraph at lines 416--417
[]\T1/cmr/m/n/12 If the LSS ser-vices are en-abled the sam-ple pro-vided in /ex
-am-ple/TestMasterSlaveLSS
 []

[14]
Overfull \hbox (61.64651pt too wide) in paragraph at lines 458--461
[]\T1/cmr/m/n/12 Please down-load driver at [][]http://www.peak -system.com/the
men/download_gb.html[][]
 []

[15]
Overfull \hbox (11.27701pt too wide) in paragraph at lines 555--555
[] \T1/cmtt/m/n/12 export PCAN2_LIB=~/Disk/PCAN-Light/Lib/Visual\ C++/Pcan_2pcc
.lib[] 
 []

[16]
Overfull \hbox (18.35565pt too wide) in paragraph at lines 605--607
 \T1/cmr/bx/n/12 a) Pcan-Light and the can_peak_win32 project.[] \T1/cmr/m/n/12
 Cho-sen Pcan_xxx.lib
 []


Overfull \hbox (9.69398pt too wide) in paragraph at lines 605--607
\T1/cmr/m/n/12 and even-tu-ally Pcan_2xxx.lib files must be added to can_peak_w
in32   project
 []


Overfull \hbox (13.67493pt too wide) in paragraph at lines 625--626
\T1/cmr/m/n/12 Download from : http://sourceforge.net/project/showfiles.php?gro
up_id=2435 
 []

[17]
Overfull \hbox (41.41121pt too wide) in paragraph at lines 632--636
\T1/cmr/m/n/12 Please down-load driver at http://www.peak-system.com/themen/dow
nload_gb.html
 []


Underfull \hbox (badness 10000) in paragraph at lines 632--636

 []

[18]
Overfull \hbox (17.03645pt too wide) in paragraph at lines 701--703
 \T1/cmr/bx/n/12 b) Two nodes with Pcan-Light and Peak dual PCMCIA-CAN adapter[
]
 []


Overfull \hbox (11.27701pt too wide) in paragraph at lines 722--722
[] \T1/cmtt/m/n/12 export PCAN2_LIB=~/Disk/PCAN-Light/Lib/Visual\ C++/Pcan_2pcc
.lib[] 
 []

[19]
Overfull \hbox (85.35892pt too wide) in paragraph at lines 784--784
[] \T1/cmtt/m/n/12 ************************************************************
****************[] 
 []


Overfull \hbox (85.35892pt too wide) in paragraph at lines 784--784
[] \T1/cmtt/m/n/12 *  CANOpenShell                                             
               *[] 
 []


Overfull \hbox (85.35892pt too wide) in paragraph at lines 784--784
[] \T1/cmtt/m/n/12 *                                                           
               *[] 
 []


Overfull \hbox (97.7059pt too wide) in paragraph at lines 784--784
[]   \T1/cmtt/m/n/12 *   MANDATORY COMMAND (must be the first command)         
                 *[] 
 []


Overfull \hbox (85.35892pt too wide) in paragraph at lines 784--784
[] \T1/cmtt/m/n/12 *     load#CanLibraryPath,channel,baudrate,nodeid,type (0:sl
ave, 1:master) *[] 
 []


Overfull \hbox (85.35892pt too wide) in paragraph at lines 784--784
[] \T1/cmtt/m/n/12 *                                                           
               *[] 
 []


Overfull \hbox (85.35892pt too wide) in paragraph at lines 784--784
[] \T1/cmtt/m/n/12 *   NETWORK: (if nodeid=0x00 : broadcast)                   
               *[] 
 []


Overfull \hbox (85.35892pt too wide) in paragraph at lines 784--784
[] \T1/cmtt/m/n/12 *     ssta#nodeid : Start a node                            
               *[] 
 []


Overfull \hbox (85.35892pt too wide) in paragraph at lines 784--784
[] \T1/cmtt/m/n/12 *     ssto#nodeid : Stop a node                             
               *[] 
 []


Overfull \hbox (85.35892pt too wide) in paragraph at lines 784--784
[] \T1/cmtt/m/n/12 *     srst#nodeid : Reset a node                            
               *[] 
 []


Overfull \hbox (85.35892pt too wide) in paragraph at lines 784--784
[] \T1/cmtt/m/n/12 *     scan : Reset all nodes and print message when bootup  
               *[] 
 []


Overfull \hbox (85.35892pt too wide) in paragraph at lines 784--784
[] \T1/cmtt/m/n/12 *     wait#seconds : Sleep for n seconds                    
               *[] 
 []


Overfull \hbox (85.35892pt too wide) in paragraph at lines 784--784
[] \T1/cmtt/m/n/12 *                                                           
               *[] 
 []


Overfull \hbox (85.35892pt too wide) in paragraph at lines 784--784
[] \T1/cmtt/m/n/12 *   SDO: (size in bytes)                                    
               *[] 
 []


Overfull \hbox (85.35892pt too wide) in paragraph at lines 784--784
[] \T1/cmtt/m/n/12 *     info#nodeid                                           
               *[] 
 []


Overfull \hbox (85.35892pt too wide) in paragraph at lines 784--784
[] \T1/cmtt/m/n/12 *     rsdo#nodeid,index,subindex : read sdo                 
               *[] 
 []


Overfull \hbox (85.35892pt too wide) in paragraph at lines 784--784
[] \T1/cmtt/m/n/12 *        ex : rsdo#42,1018,01                               
               *[] 
 []


Overfull \hbox (85.35892pt too wide) in paragraph at lines 784--784
[] \T1/cmtt/m/n/12 *     wsdo#nodeid,index,subindex,size,data : write sdo      
               *[] 
 []


Overfull \hbox (85.35892pt too wide) in paragraph at lines 784--784
[] \T1/cmtt/m/n/12 *        ex : wsdo#42,6200,01,01,FF                         
               *[] 
 []


Overfull \hbox (85.35892pt too wide) in paragraph at lines 784--784
[] \T1/cmtt/m/n/12 *                                                           
               *[] 
 []


Overfull \hbox (85.35892pt too wide) in paragraph at lines 784--784
[] \T1/cmtt/m/n/12 *   Note: All numbers are hex                               
               *[] 
 []

[20]
Overfull \hbox (85.35892pt too wide) in paragraph at lines 784--784
[] \T1/cmtt/m/n/12 *                                                           
               *[] 
 []


Overfull \hbox (85.35892pt too wide) in paragraph at lines 784--784
[] \T1/cmtt/m/n/12 *     help : Display this menu                              
               *[] 
 []


Overfull \hbox (85.35892pt too wide) in paragraph at lines 784--784
[] \T1/cmtt/m/n/12 *     quit : Quit application                               
               *[] 
 []


Overfull \hbox (85.35892pt too wide) in paragraph at lines 784--784
[] \T1/cmtt/m/n/12 ************************************************************
****************[] 
 []


Overfull \hbox (11.27701pt too wide) in paragraph at lines 789--789
[] \T1/cmtt/m/n/12 ./CANOpenShell load#libcanfestival_can_peak_linux.so,32,125K
,8,0[] 
 []


Overfull \hbox (23.624pt too wide) in paragraph at lines 798--798
[] \T1/cmtt/m/n/12 ./CANOpenShell load#libcanfestival_can_peak_linux.so,32,125K
,8,1 \[] 
 []


Overfull \hbox (5.10352pt too wide) in paragraph at lines 831--831
[]  \T1/cmtt/m/n/12 ***********************************************************
***[] 
 []


Overfull \hbox (5.10352pt too wide) in paragraph at lines 831--831
[]  \T1/cmtt/m/n/12 *  TestMasterSlave                                         
  *[] 
 []


Overfull \hbox (5.10352pt too wide) in paragraph at lines 831--831
[]  \T1/cmtt/m/n/12 *                                                          
  *[] 
 []


Overfull \hbox (5.10352pt too wide) in paragraph at lines 831--831
[]  \T1/cmtt/m/n/12 *  A simple example for PC. It does implement 2 CanOpen    
  *[] 
 []


Overfull \hbox (5.10352pt too wide) in paragraph at lines 831--831
[]  \T1/cmtt/m/n/12 *  nodes in the same process. A master and a slave. Both   
  *[] 
 []


Overfull \hbox (5.10352pt too wide) in paragraph at lines 831--831
[]  \T1/cmtt/m/n/12 *  communicate together, exchanging periodically NMT, SYNC,
  *[] 
 []


Overfull \hbox (5.10352pt too wide) in paragraph at lines 831--831
[]  \T1/cmtt/m/n/12 *  SDO and PDO. Master configure heartbeat producer time   
  *[] 
 []


Overfull \hbox (5.10352pt too wide) in paragraph at lines 831--831
[]  \T1/cmtt/m/n/12 *  at 1000 ms for slave node-id 0x02 by concise DCF.       
  *[] 
 []


Overfull \hbox (5.10352pt too wide) in paragraph at lines 831--831
[]  \T1/cmtt/m/n/12 *                                                          
  *[] 
 []


Overfull \hbox (5.10352pt too wide) in paragraph at lines 831--831
[]  \T1/cmtt/m/n/12 *   Usage:                                                 
  *[] 
 []


Overfull \hbox (5.10352pt too wide) in paragraph at lines 831--831
[]  \T1/cmtt/m/n/12 *   ./TestMasterSlave  [OPTIONS]                           
  *[] 
 []


Overfull \hbox (5.10352pt too wide) in paragraph at lines 831--831
[]  \T1/cmtt/m/n/12 *                                                          
  *[] 
 []


Overfull \hbox (5.10352pt too wide) in paragraph at lines 831--831
[]  \T1/cmtt/m/n/12 *   OPTIONS:                                               
  *[] 
 []


Overfull \hbox (5.10352pt too wide) in paragraph at lines 831--831
[]  \T1/cmtt/m/n/12 *     -l : Can library ["libcanfestival_can_virtual.so"]   
  *[] 
 []


Overfull \hbox (5.10352pt too wide) in paragraph at lines 831--831
[]  \T1/cmtt/m/n/12 *                                                          
  *[] 
 []


Overfull \hbox (5.10352pt too wide) in paragraph at lines 831--831
[]  \T1/cmtt/m/n/12 *    Slave:                                                
  *[] 
 []


Overfull \hbox (5.10352pt too wide) in paragraph at lines 831--831
[]  \T1/cmtt/m/n/12 *     -s : bus name ["0"]                                  
  *[] 
 []


Overfull \hbox (5.10352pt too wide) in paragraph at lines 831--831
[]  \T1/cmtt/m/n/12 *     -S : 1M,500K,250K,125K,100K,50K,20K,10K,none(disable)
  *[] 
 []


Overfull \hbox (5.10352pt too wide) in paragraph at lines 831--831
[]  \T1/cmtt/m/n/12 *                                                          
  *[] 
 []

[21]
Overfull \hbox (5.10352pt too wide) in paragraph at lines 831--831
[]  \T1/cmtt/m/n/12 *    Master:                                               
  *[] 
 []


Overfull \hbox (5.10352pt too wide) in paragraph at lines 831--831
[]  \T1/cmtt/m/n/12 *     -m : bus name ["1"]                                  
  *[] 
 []


Overfull \hbox (5.10352pt too wide) in paragraph at lines 831--831
[]  \T1/cmtt/m/n/12 *     -M : 1M,500K,250K,125K,100K,50K,20K,10K,none(disable)
  *[] 
 []


Overfull \hbox (5.10352pt too wide) in paragraph at lines 831--831
[]  \T1/cmtt/m/n/12 *                                                          
  *[] 
 []


Overfull \hbox (5.10352pt too wide) in paragraph at lines 831--831
[]  \T1/cmtt/m/n/12 ***********************************************************
***[] 
 []


Overfull \hbox (24.83487pt too wide) in paragraph at lines 879--881
[]\T1/cmr/m/n/12 The slave node is con-fig-ured just be-fore the Mas-ter en-ter
-ing in Pre_operational
 []

[22]
Overfull \hbox (5.10352pt too wide) in paragraph at lines 946--946
[]  \T1/cmtt/m/n/12 ***********************************************************
***[] 
 []


Overfull \hbox (5.10352pt too wide) in paragraph at lines 946--946
[]  \T1/cmtt/m/n/12 *  TestMasterMicroMod                                      
  *[] 
 []


Overfull \hbox (5.10352pt too wide) in paragraph at lines 946--946
[]  \T1/cmtt/m/n/12 *                                                          
  *[] 
 []


Overfull \hbox (5.10352pt too wide) in paragraph at lines 946--946
[]  \T1/cmtt/m/n/12 *  A simple example for PC.                                
  *[] 
 []


Overfull \hbox (5.10352pt too wide) in paragraph at lines 946--946
[]  \T1/cmtt/m/n/12 *  A CanOpen master that control a MicroMod module:        
  *[] 
 []


Overfull \hbox (5.10352pt too wide) in paragraph at lines 946--946
[]  \T1/cmtt/m/n/12 *  - setup module TPDO 1 transmit type                     
  *[] 
 []


Overfull \hbox (5.10352pt too wide) in paragraph at lines 946--946
[]  \T1/cmtt/m/n/12 *  - setup module RPDO 1 transmit type                     
  *[] 
 []


Overfull \hbox (5.10352pt too wide) in paragraph at lines 946--946
[]  \T1/cmtt/m/n/12 *  - setup module hearbeatbeat period                      
  *[] 
 []


Overfull \hbox (5.10352pt too wide) in paragraph at lines 946--946
[]  \T1/cmtt/m/n/12 *  - disable others TPDOs                                  
  *[] 
 []


Overfull \hbox (5.10352pt too wide) in paragraph at lines 946--946
[]  \T1/cmtt/m/n/12 *  - set state to operational                              
  *[] 
 []


Overfull \hbox (5.10352pt too wide) in paragraph at lines 946--946
[]  \T1/cmtt/m/n/12 *  - send periodic SYNC                                    
  *[] 
 []


Overfull \hbox (5.10352pt too wide) in paragraph at lines 946--946
[]  \T1/cmtt/m/n/12 *  - send periodic RPDO 1 to Micromod (digital output)     
  *[] 
 []


Overfull \hbox (5.10352pt too wide) in paragraph at lines 946--946
[]  \T1/cmtt/m/n/12 *  - listen Micromod's TPDO 1 (digital input)              
  *[] 
 []


Overfull \hbox (5.10352pt too wide) in paragraph at lines 946--946
[]  \T1/cmtt/m/n/12 *  - Mapping RPDO 1 bit per bit (digital input)            
  *[] 
 []


Overfull \hbox (5.10352pt too wide) in paragraph at lines 946--946
[]  \T1/cmtt/m/n/12 *                                                          
  *[] 
 []


Overfull \hbox (5.10352pt too wide) in paragraph at lines 946--946
[]  \T1/cmtt/m/n/12 *   Usage:                                                 
  *[] 
 []


Overfull \hbox (5.10352pt too wide) in paragraph at lines 946--946
[]  \T1/cmtt/m/n/12 *   ./TestMasterMicroMod  [OPTIONS]                        
  *[] 
 []

[23]
Overfull \hbox (5.10352pt too wide) in paragraph at lines 946--946
[]  \T1/cmtt/m/n/12 *                                                          
  *[] 
 []


Overfull \hbox (5.10352pt too wide) in paragraph at lines 946--946
[]  \T1/cmtt/m/n/12 *   OPTIONS:                                               
  *[] 
 []


Overfull \hbox (5.10352pt too wide) in paragraph at lines 946--946
[]  \T1/cmtt/m/n/12 *     -l : Can library ["libcanfestival_can_virtual.so"]   
  *[] 
 []


Overfull \hbox (5.10352pt too wide) in paragraph at lines 946--946
[]  \T1/cmtt/m/n/12 *                                                          
  *[] 
 []


Overfull \hbox (5.10352pt too wide) in paragraph at lines 946--946
[]  \T1/cmtt/m/n/12 *    Slave:                                                
  *[] 
 []


Overfull \hbox (5.10352pt too wide) in paragraph at lines 946--946
[]  \T1/cmtt/m/n/12 *     -i : Slave Node id format [0x01 , 0x7F]              
  *[] 
 []


Overfull \hbox (5.10352pt too wide) in paragraph at lines 946--946
[]  \T1/cmtt/m/n/12 *                                                          
  *[] 
 []


Overfull \hbox (5.10352pt too wide) in paragraph at lines 946--946
[]  \T1/cmtt/m/n/12 *    Master:                                               
  *[] 
 []


Overfull \hbox (5.10352pt too wide) in paragraph at lines 946--946
[]  \T1/cmtt/m/n/12 *     -m : bus name ["1"]                                  
  *[] 
 []


Overfull \hbox (5.10352pt too wide) in paragraph at lines 946--946
[]  \T1/cmtt/m/n/12 *     -M : 1M,500K,250K,125K,100K,50K,20K,10K              
  *[] 
 []


Overfull \hbox (5.10352pt too wide) in paragraph at lines 946--946
[]  \T1/cmtt/m/n/12 *                                                          
  *[] 
 []


Overfull \hbox (5.10352pt too wide) in paragraph at lines 946--946
[]  \T1/cmtt/m/n/12 ***********************************************************
***[] 
 []

[24]
Overfull \hbox (60.66495pt too wide) in paragraph at lines 986--986
[]\T1/cmtt/m/n/12 UNS8 configNetworkNode (CO_Data* d, UNS8 command, void *dat1,
 void* dat2,[] 
 []


Overfull \hbox (73.01193pt too wide) in paragraph at lines 1004--1004
[]\T1/cmtt/m/n/12 res=configNetworkNode(&d,LSS_IDENT_FASTSCAN,&lss_fs,0,CheckLS
SAndContinue);[] 
 []

[25] [26]
<Pictures/10000201000001FC000001E5D65E8766.png, id=449, 509.905pt x 486.81876pt
>
File: Pictures/10000201000001FC000001E5D65E8766.png Graphic file (type png)
<use Pictures/10000201000001FC000001E5D65E8766.png>
Package pdftex.def Info: Pictures/10000201000001FC000001E5D65E8766.png  used on
 input line 1074.
(pdftex.def)             Requested size: 199.16928pt x 190.15567pt.
<Pictures/10000201000003E7000001C7B0296577.png, id=450, 1002.74625pt x 456.7062
5pt>
File: Pictures/10000201000003E7000001C7B0296577.png Graphic file (type png)
<use Pictures/10000201000003E7000001C7B0296577.png>
Package pdftex.def Info: Pictures/10000201000003E7000001C7B0296577.png  used on
 input line 1085.
(pdftex.def)             Requested size: 341.43306pt x 155.50803pt.
<Pictures/10000000000000B6000000DF1EDD1E73.png, id=451, 182.6825pt x 223.83624p
t>
File: Pictures/10000000000000B6000000DF1EDD1E73.png Graphic file (type png)
<use Pictures/10000000000000B6000000DF1EDD1E73.png>
Package pdftex.def Info: Pictures/10000000000000B6000000DF1EDD1E73.png  used on
 input line 1089.
(pdftex.def)             Requested size: 85.35826pt x 104.58826pt.

Underfull \vbox (badness 3088) has occurred while \output is active []

 [27 <./Pictures/10000201000001FC000001E5D65E8766.png> <./Pictures/100002010000
03E7000001C7B0296577.png>]
<Pictures/10000000000000AC000000C9C3F53FA6.png, id=460, 172.645pt x 201.75375pt
>
File: Pictures/10000000000000AC000000C9C3F53FA6.png Graphic file (type png)
<use Pictures/10000000000000AC000000C9C3F53FA6.png>
Package pdftex.def Info: Pictures/10000000000000AC000000C9C3F53FA6.png  used on
 input line 1093.
(pdftex.def)             Requested size: 85.35826pt x 99.74988pt.
<Pictures/100000000000006D000000A31EC8CB54.png, id=461, 109.40875pt x 163.61125
pt>
File: Pictures/100000000000006D000000A31EC8CB54.png Graphic file (type png)
<use Pictures/100000000000006D000000A31EC8CB54.png>
Package pdftex.def Info: Pictures/100000000000006D000000A31EC8CB54.png  used on
 input line 1097.
(pdftex.def)             Requested size: 85.35826pt x 127.64621pt.
<Pictures/10000000000000AA0000006014F74635.png, id=462, 170.6375pt x 96.36pt>
File: Pictures/10000000000000AA0000006014F74635.png Graphic file (type png)
<use Pictures/10000000000000AA0000006014F74635.png>
Package pdftex.def Info: Pictures/10000000000000AA0000006014F74635.png  used on
 input line 1101.
(pdftex.def)             Requested size: 85.35826pt x 48.20338pt.
<Pictures/new_node.png, id=463, 451.6875pt x 351.3125pt>
File: Pictures/new_node.png Graphic file (type png)
<use Pictures/new_node.png>
Package pdftex.def Info: Pictures/new_node.png  used on input line 1110.
(pdftex.def)             Requested size: 312.9803pt x 243.44048pt.

Underfull \vbox (badness 6300) has occurred while \output is active []

 [28 <./Pictures/10000000000000B6000000DF1EDD1E73.png (PNG copy)> <./Pictures/1
0000000000000AC000000C9C3F53FA6.png (PNG copy)> <./Pictures/100000000000006D000
000A31EC8CB54.png (PNG copy)> <./Pictures/10000000000000AA0000006014F74635.png 
(PNG copy)>]
<Pictures/node_info.png, id=469, 301.125pt x 281.05pt>
File: Pictures/node_info.png Graphic file (type png)
<use Pictures/node_info.png>
Package pdftex.def Info: Pictures/node_info.png  used on input line 1119.
(pdftex.def)             Requested size: 199.16928pt x 185.89668pt.
<Pictures/10000000000000AB000000C88F594413.png, id=470, 171.64125pt x 200.75pt>

File: Pictures/10000000000000AB000000C88F594413.png Graphic file (type png)
<use Pictures/10000000000000AB000000C88F594413.png>
Package pdftex.def Info: Pictures/10000000000000AB000000C88F594413.png  used on
 input line 1128.
(pdftex.def)             Requested size: 113.81102pt x 133.1111pt.
[29 <./Pictures/new_node.png> <./Pictures/node_info.png>]
<Pictures/10000201000002DE000001D82D89C224.png, id=479, 736.7525pt x 473.77pt>
File: Pictures/10000201000002DE000001D82D89C224.png Graphic file (type png)
<use Pictures/10000201000002DE000001D82D89C224.png>
Package pdftex.def Info: Pictures/10000201000002DE000001D82D89C224.png  used on
 input line 1134.
(pdftex.def)             Requested size: 312.9803pt x 201.25922pt.
<Pictures/10000201000001C40000010766961D7F.png, id=480, 453.695pt x 263.98625pt
>
File: Pictures/10000201000001C40000010766961D7F.png Graphic file (type png)
<use Pictures/10000201000001C40000010766961D7F.png>
Package pdftex.def Info: Pictures/10000201000001C40000010766961D7F.png  used on
 input line 1143.
(pdftex.def)             Requested size: 312.9803pt x 182.11041pt.

Underfull \vbox (badness 10000) has occurred while \output is active []

 [30 <./Pictures/10000000000000AB000000C88F594413.png (PNG copy)> <./Pictures/1
0000201000002DE000001D82D89C224.png>]
<Pictures/10000201000001C4000000DD129D4661.png, id=487, 453.695pt x 221.82875pt
>
File: Pictures/10000201000001C4000000DD129D4661.png Graphic file (type png)
<use Pictures/10000201000001C4000000DD129D4661.png>
Package pdftex.def Info: Pictures/10000201000001C4000000DD129D4661.png  used on
 input line 1152.
(pdftex.def)             Requested size: 312.9803pt x 153.02814pt.
<Pictures/10000201000002F30000020B23ED7F67.png, id=488, 757.83125pt x 524.96124
pt>
File: Pictures/10000201000002F30000020B23ED7F67.png Graphic file (type png)
<use Pictures/10000201000002F30000020B23ED7F67.png>
Package pdftex.def Info: Pictures/10000201000002F30000020B23ED7F67.png  used on
 input line 1161.
(pdftex.def)             Requested size: 341.43306pt x 236.51874pt.

Underfull \vbox (badness 10000) has occurred while \output is active []

 [31 <./Pictures/10000201000001C40000010766961D7F.png> <./Pictures/100002010000
01C4000000DD129D4661.png>]
<Pictures/10000201000003440000025ACC3FD2F1.png, id=498, 839.135pt x 604.2575pt>

File: Pictures/10000201000003440000025ACC3FD2F1.png Graphic file (type png)
<use Pictures/10000201000003440000025ACC3FD2F1.png>
Package pdftex.def Info: Pictures/10000201000003440000025ACC3FD2F1.png  used on
 input line 1170.
(pdftex.def)             Requested size: 341.43306pt x 245.86626pt.

Underfull \vbox (badness 1210) has occurred while \output is active []

 [32 <./Pictures/10000201000002F30000020B23ED7F67.png> <./Pictures/100002010000
03440000025ACC3FD2F1.png>]
<Pictures/10000201000000B7000000C66AF89CD5.png, id=505, 183.68625pt x 198.7425p
t>
File: Pictures/10000201000000B7000000C66AF89CD5.png Graphic file (type png)
<use Pictures/10000201000000B7000000C66AF89CD5.png>
Package pdftex.def Info: Pictures/10000201000000B7000000C66AF89CD5.png  used on
 input line 1185.
(pdftex.def)             Requested size: 113.81102pt x 123.14325pt.
 [33 <./Pictures/10000201000000B7000000C66AF89CD5.png>]
Overfull \hbox (22.62982pt too wide) in paragraph at lines 1266--1269
[]\T1/cmr/m/n/12 Code was com-piled MS Vi-su-al-Stu-dio 2003.NET and Vi-su-al-S
tu-dio 2005.NET
 []

[34]
Overfull \hbox (10.40472pt too wide) in paragraph at lines 1277--1280
\T1/cmr/m/n/12 DE-BUG_ERR_CONSOLE_ON, you can nav-i-gate in Can-Fes-ti-val sour
ce
 []


Overfull \hbox (27.09218pt too wide) in paragraph at lines 1281--1285
\T1/cmr/m/n/12 op-er-a-tors to sizeof_TYPE def-i-ni-tions in gen-er-ated code, 
i.e. re-place sizeof(UNS40)
 []

[35] [36]
<Pictures/1000020100000258000000832C6FFAB4.png, id=545, 602.25pt x 131.49126pt>

File: Pictures/1000020100000258000000832C6FFAB4.png Graphic file (type png)
<use Pictures/1000020100000258000000832C6FFAB4.png>
Package pdftex.def Info: Pictures/1000020100000258000000832C6FFAB4.png  used on
 input line 1372.
(pdftex.def)             Requested size: 284.52756pt x 62.12392pt.

Overfull \hbox (0.91833pt too wide) in paragraph at lines 1415--1416
\T1/cmr/m/n/12 Send your feed-back and bug re-ports to [][]canfestival-devel@li
sts.sourceforge.net[][]. 
 []

[37

 <./Pictures/1000020100000258000000832C6FFAB4.png>]
Overfull \hbox (54.49146pt too wide) in paragraph at lines 1456--1456
[]\T1/cmtt/m/n/12 #This file is part of CanFestival, a library implementing Can
Open Stack.[] 
 []


Overfull \hbox (29.79749pt too wide) in paragraph at lines 1456--1456
[]\T1/cmtt/m/n/12 #Copyright (C): Edouard TISSERANT, Francis DUPIN and Laurent 
BESSARD[] 
 []


Overfull \hbox (23.624pt too wide) in paragraph at lines 1456--1456
[]\T1/cmtt/m/n/12 #version 2.1 of the License, or (at your option) any later ve
rsion.[] 
 []


Overfull \hbox (5.10352pt too wide) in paragraph at lines 1456--1456
[]\T1/cmtt/m/n/12 #This library is distributed in the hope that it will be usef
ul,[] 
 []


Overfull \hbox (17.4505pt too wide) in paragraph at lines 1456--1456
[]\T1/cmtt/m/n/12 #MERCHANTABILITY or FITNESS FOR A PARTICULAR PURPOSE.  See th
e GNU[] 
 []


Overfull \hbox (11.27701pt too wide) in paragraph at lines 1456--1456
[]\T1/cmtt/m/n/12 #You should have received a copy of the GNU Lesser General Pu
blic[] 
 []


Overfull \hbox (29.79749pt too wide) in paragraph at lines 1456--1456
[]\T1/cmtt/m/n/12 #License along with this library; if not, write to the Free S
oftware[] 
 []


Overfull \hbox (66.83844pt too wide) in paragraph at lines 1456--1456
[]\T1/cmtt/m/n/12 #Foundation, Inc., 59 Temple Place, Suite 330, Boston, MA  02
111-1307  USA[] 
 []

[38] (./manual.aux)
 ***********
LaTeX2e <2023-11-01> patch level 1
L3 programming layer <2024-01-22>
 ***********
Package rerunfilecheck Info: File `manual.out' has not changed.
(rerunfilecheck)             Checksum: 69EFEBEE02D324EF2F4E93D75C6CB76E;7008.
 ) 
Here is how much of TeX's memory you used:
 9482 strings out of 476182
 152495 string characters out of 5795595
 1953975 words of memory out of 5000000
 31161 multiletter control sequences out of 15000+600000
 572584 words of font info for 68 fonts, out of 8000000 for 9000
 14 hyphenation exceptions out of 8191
 75i,6n,79p,934b,596s stack positions out of 10000i,1000n,20000p,200000b,200000s

pdfTeX warning (dest): name{Cygwin\040configuration\040and\040compilation} has 
been referenced but does not exist, replaced by a fixed one


pdfTeX warning (dest): name{a821UsingDictionaryEditorGUIoutline} has been refer
enced but does not exist, replaced by a fixed one

 </home/ed/.texlive2023/texmf-var/fonts/pk/ljfour/jknappen/ec/ecti1200.600pk> <
/home/ed/.texlive2023/texmf-var/fonts/pk/ljfour/jknappen/ec/tcrm1200.600pk> </h
ome/ed/.texlive2023/texmf-var/fonts/pk/ljfour/jknappen/ec/ectt1200.600pk> </hom
e/ed/.texlive2023/texmf-var/fonts/pk/ljfour/jknappen/ec/ecbx1200.600pk> </home/
ed/.texlive2023/texmf-var/fonts/pk/ljfour/jknappen/ec/ecbx1440.600pk> </home/ed
/.texlive2023/texmf-var/fonts/pk/ljfour/jknappen/ec/ecbx1728.600pk> </home/ed/.
texlive2023/texmf-var/fonts/pk/ljfour/jknappen/ec/ecsl1200.600pk> </home/ed/.te
xlive2023/texmf-var/fonts/pk/ljfour/jknappen/ec/ecbx2488.600pk> </home/ed/.texl
ive2023/texmf-var/fonts/pk/ljfour/jknappen/ec/ecss2488.600pk> </home/ed/.texliv
e2023/texmf-var/fonts/pk/ljfour/jknappen/ec/ecrm1200.600pk>
Output written on manual.pdf (38 pages, 1095895 bytes).
PDF statistics:
 1088 PDF objects out of 1200 (max. 8388607)
 556 compressed objects within 6 object streams
 193 named destinations out of 1000 (max. 500000)
 466 words of extra memory for PDF output out of 10000 (max. 10000000)

